// Jest Snapshot v1, https://goo.gl/fbAQLP

exports[`injects parameters 1`] = `
<div>
  <div>
    <div
      id="presentation-embed-123"
    />
    <script
      src="https://slideslive.com/embed_presentation.js"
    />
  </div>
</div>
`;
